// Jest Snapshot v1, https://goo.gl/fbAQLP

exports[`BookListItemView -  1`] = `
<div
  className="book-list-item-container"
>
  <button
    className="book-list-item-btn btn btn-primary"
    disabled={false}
    onBlur={[Function]}
    onClick={[Function]}
    onFocus={[Function]}
    onMouseOut={[Function]}
    onMouseOver={[Function]}
    style={
      Object {
        "width": "100%",
      }
    }
    type="button"
  >
    <div
      className="book-list-item-content"
    >
      <div
        className="book-cover"
      >
        <MockedCoverImage
          coverPath=""
        />
      </div>
      <div
        className="book-detail"
      >
        <p
          className="book-title"
        >
          My story
        </p>
        <p
          className="book-author"
        >
          Younghoon Gim
        </p>
      </div>
    </div>
  </button>
</div>
`;
